Achievement.xlsx&76-4e-96-84-97-95-52-03-76-82-1c-12-a7-89-71-12-4d-e2-a9-67
Aptitude.xlsx&89-bb-7c-a7-80-d6-e2-9b-9f-fd-8f-30-13-e8-f1-eb-23-ab-b3-da
AptitudeUnlock.xlsx&7c-cd-3a-be-3b-d1-1e-56-bc-27-da-f5-01-54-c7-98-ae-4f-f1-41
ArtifactEquip.xlsx&35-a3-a9-be-ff-29-aa-4d-d0-de-0a-a1-b7-9a-1b-66-e9-80-cd-59
AttrEnumeration.xlsx&c7-48-61-73-fe-94-e8-84-b6-eb-bc-90-f2-32-9d-a9-e9-34-38-2b
BossTrait.xlsx&14-e0-4d-48-05-59-e7-84-3b-66-79-5a-33-f1-47-f9-4c-08-a9-ec
BoxRewards.xlsx&b6-79-37-f9-be-1d-50-02-66-53-95-5a-b4-ee-cf-56-ec-2d-43-00
Bubble.xlsx&a8-d5-06-a1-ee-10-25-62-0e-a4-ad-09-ee-dc-3e-51-73-03-f7-67
BuffActionTemplate.xlsx&4e-3f-67-ab-7e-a3-ab-b2-b3-8a-45-f4-0e-a4-a5-55-71-23-1a-04
Build.xlsx&93-e4-6b-69-37-cf-25-77-cb-f2-a6-6a-df-0a-1b-14-c8-ff-17-09
Chapter.xlsx&fb-41-9f-1d-17-96-63-0f-b6-c4-14-4c-c3-b6-94-bf-c4-4f-c5-53
Classics.xlsx&f3-58-a4-07-a9-ca-1a-fc-97-ec-e1-58-d4-56-9b-89-3e-5b-06-30
Common.xlsx&00-c6-37-a6-be-7c-96-c9-e7-9b-d2-07-37-0d-6a-75-86-35-c6-4f
ContinuousSave.xlsx&e9-51-ec-e8-48-6f-47-b7-73-40-e2-b1-55-b9-17-a9-9c-3e-5d-d6
DailyCheckReward.xlsx&71-13-bc-b0-e5-33-bf-c1-2f-26-d3-ae-91-16-b1-3c-f2-c1-26-7f
DailyTask.xlsx&12-f1-c9-31-ae-93-f6-26-4e-29-10-44-b0-3a-e3-06-4c-33-d1-1c
Drop.xlsx&88-de-d1-79-81-78-bf-60-19-26-6c-55-29-0c-e2-51-7a-91-5f-5b
DungeonChapter.xlsx&c6-13-eb-98-45-0b-a5-62-c9-ed-12-9e-e5-31-02-67-ec-d5-a7-dc
DungeonStage.xlsx&55-be-b6-52-7e-86-43-f6-8e-04-5c-dd-7e-66-0b-36-c4-77-df-43
Entry.xlsx&59-11-5c-09-53-d7-30-6c-19-f2-17-c7-e9-c8-74-18-5e-3f-ab-10
EntryImage.xlsx&d5-e0-04-62-9b-cc-34-f0-22-3f-de-c5-7c-cf-ed-b7-cf-41-56-2e
EquipLevel.xlsx&59-ec-36-d3-ee-42-81-6e-f1-6a-a2-e3-a4-62-75-37-cd-1e-54-5a
Event.xlsx&1f-28-b2-79-2e-08-03-14-e0-79-5b-35-3f-b2-ac-7d-75-dc-78-bd
EventReward.xlsx&b3-00-32-f8-1b-18-f3-08-08-23-17-2e-5c-ee-d2-3b-99-ce-5e-d6
EventStage.xlsx&b3-10-2b-57-08-72-62-5c-bb-2d-93-54-4b-bc-17-71-99-86-3c-79
EventStore.xlsx&df-f2-83-86-8d-84-d6-4a-c1-8d-34-b0-d0-53-c3-07-62-de-3f-48
EventTask.xlsx&18-5f-ca-04-29-13-d1-af-73-eb-eb-69-40-23-26-67-2c-f8-2b-76
EventTrader.xlsx&7a-3d-49-32-ea-59-9a-9b-e0-81-f7-59-fc-ae-7c-19-c2-c7-fb-44
ExpLevel.xlsx&cd-79-84-2e-db-c5-4a-8d-47-2f-9c-db-3d-37-15-09-85-5b-78-ba
ExplorationTasks.xlsx&d4-f0-c5-e8-55-cb-70-5f-ee-e9-f8-0b-54-eb-36-d9-ed-af-e1-48
FailurePrompt.xlsx&e8-99-7d-c3-e0-eb-d5-51-a7-4d-14-d8-c1-d5-c9-b3-96-03-e5-80
FirstReward.xlsx&b4-f1-ec-53-7e-ad-06-14-68-32-94-15-75-b9-15-79-48-1e-fc-25
Gift.xlsx&a9-29-ed-4f-43-54-66-a2-d2-98-cc-93-5d-ad-85-9f-0d-bc-9d-3e
GiftPackShop.xlsx&ed-6e-e8-8c-d5-3b-09-77-81-c8-bb-29-a1-52-08-d9-3b-b3-19-b2
global.xlsx&c8-2e-da-d4-16-96-e2-4a-eb-34-37-3b-41-51-55-7f-e8-5d-f2-62
Guide.xlsx&e4-88-19-16-c8-86-0c-d8-b0-74-48-74-78-5a-79-ec-2d-bb-96-22
GuideReward.xlsx&d0-8e-c4-55-58-e8-41-5b-28-19-31-5c-5b-29-21-a5-87-2f-e8-cd
Help.xlsx&b0-a6-57-63-b4-40-61-6f-c3-75-5f-ea-5d-0f-81-af-a3-26-c9-61
Hero.xlsx&5d-b3-a3-ac-62-96-d0-6b-98-0d-37-31-6c-68-92-a1-76-c2-4b-34
HeroAttr.xlsx&ca-07-91-8c-63-0e-eb-4a-b8-1f-f9-68-fc-bf-e1-d5-ce-5f-1f-82
HeroAttributes.xlsx&5c-a4-43-3d-ba-58-a5-29-ab-f7-1a-93-38-51-8d-1c-53-62-d9-98
HeroBreak.xlsx&37-c5-50-38-30-4b-c2-37-b1-b7-47-6a-4a-a2-9d-2c-80-11-48-de
HeroLevel.xlsx&54-71-3e-4a-e2-b2-41-3d-7a-7b-7c-57-c4-6e-3f-b1-da-fc-6f-6a
HeroSkill.xlsx&f9-4a-ce-cc-f4-e7-ae-6a-89-73-1d-e9-74-b7-a9-8b-ee-d7-2f-96
Holy.xlsx&8d-1e-a7-be-52-71-aa-50-e5-8e-3b-15-b6-f8-8c-3b-ba-5a-a2-ed
HomeProp.xlsx&d4-f4-b2-c6-c2-b1-c1-b5-59-1e-b8-f8-59-9e-ec-1f-d1-a8-95-32
IllegalWord.xlsx&c9-37-d4-ca-ec-ca-c4-9c-00-24-6b-ff-6c-fe-af-c8-1c-c4-95-71
ItemType.xlsx&99-00-14-a9-34-0f-c1-9d-b5-38-a3-43-38-63-d8-ed-f5-01-19-e0
LoginGift.xlsx&fe-f3-99-f9-24-45-dd-1e-c8-bd-65-46-e1-6d-30-11-e7-3b-b4-d7
LoreEntry.xlsx&1e-ab-3a-62-49-1c-08-1a-74-b3-39-0f-90-0f-50-2b-4c-03-52-d3
LoreEntryQuality.xlsx&a9-5b-67-63-43-70-15-77-ec-6b-71-15-73-38-b8-80-6e-7e-f8-58
LoreSkiirate.xlsx&60-aa-cd-f9-d7-1b-7c-d6-e1-4a-71-1b-c7-f2-42-22-97-cc-5e-46
Mail.xlsx&e9-5f-47-4c-95-6b-c6-af-00-54-23-ec-0d-09-eb-08-cb-d9-17-93
Monster.xlsx&e9-73-b2-a5-8b-a3-f8-ef-99-be-aa-5a-c3-ed-46-c0-83-bf-32-23
MonsterEntry.xlsx&31-06-65-a9-f1-9d-f7-2e-d2-8f-a2-21-8e-12-cd-94-d5-5e-5f-4f
MonsterGroup.xlsx&70-34-f0-78-54-9c-8c-73-f5-b7-42-fb-8f-ea-28-87-32-2d-42-5c
Monthly.xlsx&2c-62-a5-44-f2-b8-4b-19-76-70-8c-6b-43-ee-36-77-c5-a0-30-b8
MultiLang.xlsx&7a-83-93-6c-93-40-48-e3-cb-02-8f-cb-4e-cd-69-ac-da-30-73-1f
OneTimeAward.xlsx&59-d1-e7-43-79-4a-e6-5a-a5-9d-0e-e7-3b-d3-62-20-49-1f-67-e0
PassGift.xlsx&ee-87-ca-74-40-99-cc-c3-e9-27-e0-48-44-c4-74-11-fe-44-53-12
PassTask.xlsx&63-3c-ad-75-0e-1f-17-b0-c1-1e-94-73-08-58-b6-04-5d-c4-18-d8
PayList.xlsx&f7-fb-5c-89-8a-85-e0-b3-9a-a4-c2-c5-09-fe-c4-04-7d-39-45-ac
PetAptitude.xlsx&b8-e5-5a-d6-9f-9b-cd-8b-0d-c9-d2-fe-65-6f-d3-ea-f6-2b-27-95
PetAptitudePool.xlsx&90-66-41-86-ac-f6-5f-cf-ae-8a-13-76-c7-04-7b-b0-24-24-d4-24
PetAptitudeRate.xlsx&e7-68-14-92-82-d5-43-68-c0-32-ae-ee-b8-e1-08-e2-a6-24-52-84
PetBasis.xlsx&93-b9-eb-6d-12-79-d9-e7-a2-b1-7b-eb-6a-89-d2-22-45-3f-59-3b
PetCodex.xlsx&50-12-61-11-45-68-e0-0f-7f-fa-34-e8-53-72-c9-3d-ed-70-c6-c7
PetHole.xlsx&e0-9d-c4-76-db-04-cd-f8-1f-f5-0d-a1-40-77-f0-2e-31-1d-38-65
PetLevel.xlsx&13-82-05-a1-5c-70-a5-ee-e8-2a-ce-7d-a4-47-95-ca-a7-16-8e-88
PetQuotes.xlsx&30-8a-f5-ce-6f-60-6a-27-9b-e9-ef-64-f2-8a-a2-08-1b-3b-aa-c5
PetSkillBook.xlsx&a6-de-8a-82-31-29-94-59-d1-62-7e-51-31-04-39-31-fb-52-ed-bc
PetSkillBookPool.xlsx&7e-c9-c3-c5-d6-12-e7-6b-0b-5e-30-ad-48-36-56-87-72-54-0a-70
PetSkillGroup.xlsx&a5-0e-c5-84-ab-32-04-af-1b-d8-e6-27-dc-4b-90-40-dc-9a-51-df
PetSkillLevel.xlsx&be-59-77-f7-a9-8a-2a-0c-cf-14-4e-79-08-ae-ba-2f-40-b5-57-98
Push.xlsx&59-05-eb-d3-a6-82-d3-44-0e-bf-bb-41-0d-29-85-58-71-70-e5-47
Raffle.xlsx&1b-10-18-90-50-99-62-26-94-bc-8d-5a-71-62-94-cd-ce-7f-77-20
RaffleLevel.xlsx&1b-8c-d9-db-7c-6c-df-37-79-e0-22-e3-9b-64-a3-0b-f2-20-6d-c1
Ring.xlsx&1d-8f-c7-21-10-46-c0-b4-f4-0e-5a-f6-e7-0f-4e-c9-e6-32-35-85
RuinsBuff.xlsx&31-47-a6-65-7f-49-cc-9c-1c-f9-98-65-f7-69-bc-1a-b4-d3-00-67
RuneAttr.xlsx&b3-f7-01-4e-d3-bd-90-4e-ab-57-22-8a-98-ed-6e-f9-9d-4e-ce-5c
RunePond.xlsx&5e-a3-fe-25-7a-43-b7-44-8d-97-98-20-60-8e-a5-3a-3c-35-ee-dc
RuneRate.xlsx&15-b1-b3-5d-d7-c6-15-ae-09-67-de-43-3e-8c-0c-d6-01-78-09-ff
Server.xlsx&aa-39-30-8b-15-36-95-7b-94-b9-2f-db-0e-65-71-22-34-74-30-d5
Skill.xlsx&11-90-18-d6-12-f7-5e-bd-28-98-c8-88-d9-28-d1-30-db-f5-77-90
SkillAchieve.xlsx&10-70-4c-ea-c2-67-a8-2d-0c-20-2a-3f-a2-30-dc-4d-50-38-d2-1b
SkillBuff.xlsx&ad-32-38-91-83-7e-69-be-34-c7-43-3b-46-bc-e1-c1-af-1d-40-dc
SkillEffect.xlsx&a9-0f-d5-b4-a2-d3-d2-61-cf-99-ce-07-99-34-9d-07-99-1f-4e-2f
SkillLevel.xlsx&94-1c-1a-6e-50-82-79-17-d1-52-53-45-8f-d9-cd-5e-0c-58-0e-a2
SkillTarget.xlsx&c0-c6-3c-68-0f-89-8d-56-15-d5-e0-bc-37-8a-24-5d-6b-3f-af-fe
smoke.xlsx&9e-58-2a-43-cf-91-f3-77-ff-ca-61-5d-97-52-83-a8-c8-02-20-be
Sound.xlsx&60-17-d8-10-15-4e-e9-5b-03-ec-b2-24-c1-73-f2-dc-57-56-9f-13
Stage.xlsx&43-0f-3d-61-e1-5e-09-b1-d3-d6-d1-d4-db-b8-f0-eb-59-70-21-e1
StageMonsterAttr.xlsx&ce-00-b3-6e-a8-b6-82-c3-e4-1b-94-73-de-af-52-f7-15-61-1c-6c
string.xlsx&e7-18-53-ec-99-21-b8-e3-97-e6-24-2a-4a-f1-e4-87-44-73-1d-60
System.xlsx&6c-ff-86-7b-41-c4-8b-02-28-9e-46-48-a7-38-97-f7-1b-34-1f-89
Task.xlsx&ca-c4-ee-d6-8e-9d-4e-97-6d-1b-9b-c9-67-a2-80-63-7b-c5-7f-bb
TaskGuide.xlsx&d6-cb-5f-d2-fd-b7-40-eb-06-02-0c-e3-59-ff-6b-b8-4b-f1-3c-e5
TreasureChest.xlsx&d9-97-64-9e-6e-c0-5a-c0-dc-1c-c4-b0-5b-cf-b5-4e-24-51-7e-c4
